// Jest Snapshot v1, https://goo.gl/fbAQLP

exports[`Hoc adds audio player to component 1`] = `
<div>
  <button
    className="track__button track__button--pause"
    disabled={true}
    onClick={[Function]}
    type="button"
  />
  <div
    className="track__status"
  >
    <audio />
  </div>
</div>
`;
